2024-09-24 18:10:52,556 - maltego.server - ERROR - An exception occurred while executing your transform code.
2024-09-24 18:10:52,557 - maltego.server - ERROR - 'TinyDB' object has no attribute 'db_pat'
Traceback (most recent call last):
  File "C:\Users\micha\PycharmProjects\CloakNDagger\.venv\Lib\site-packages\maltego_trx\server.py", line 38, in run_transform
    return transform_method.run_transform(client_msg), 200  # Transform class
           ^^^^^^^^^^^^^^^^^^^^^^^^^^^^^^^^^^^^^^^^^^
  File "C:\Users\micha\PycharmProjects\CloakNDagger\.venv\Lib\site-packages\maltego_trx\transform.py", line 12, in run_transform
    cls.create_entities(request, response)
  File "C:\Users\micha\PycharmProjects\CloakNDagger\transforms\Whatmynameapp_AliasToWebProfile.py", line 38, in create_entities
    cache = TiDBCache(db_path=config.db.db_pat)
                              ^^^^^^^^^^^^^^^^
  File "C:\Users\micha\PycharmProjects\CloakNDagger\.venv\Lib\site-packages\pydantic\main.py", line 767, in __getattr__
    raise AttributeError(f'{type(self).__name__!r} object has no attribute {item!r}')
AttributeError: 'TinyDB' object has no attribute 'db_pat'. Did you mean: 'db_path'?
2024-09-24 18:12:08,673 - maltego.server - ERROR - An exception occurred while executing your transform code.
2024-09-24 18:12:08,673 - maltego.server - ERROR - Object of type EntitySetting is not JSON serializable
Traceback (most recent call last):
  File "C:\Users\micha\PycharmProjects\CloakNDagger\.venv\Lib\site-packages\maltego_trx\server.py", line 38, in run_transform
    return transform_method.run_transform(client_msg), 200  # Transform class
           ^^^^^^^^^^^^^^^^^^^^^^^^^^^^^^^^^^^^^^^^^^
  File "C:\Users\micha\PycharmProjects\CloakNDagger\.venv\Lib\site-packages\maltego_trx\transform.py", line 12, in run_transform
    cls.create_entities(request, response)
  File "C:\Users\micha\PycharmProjects\CloakNDagger\transforms\Whatmynameapp_AliasToWebProfile.py", line 40, in create_entities
    if cache.exist_table(query=username):
       ^^^^^^^^^^^^^^^^^^^^^^^^^^^^^^^^^
  File "C:\Users\micha\PycharmProjects\CloakNDagger\tools\dbs\tiny.py", line 84, in exist_table
    table = get_query_hash(model=query, params=params)
            ^^^^^^^^^^^^^^^^^^^^^^^^^^^^^^^^^^^^^^^^^^
  File "C:\Users\micha\PycharmProjects\CloakNDagger\tools\dbs\tiny.py", line 51, in get_query_hash
    return str(hash_fn(query))
               ^^^^^^^^^^^^^^
  File "C:\Users\micha\PycharmProjects\CloakNDagger\tools\utils.py", line 49, in hash_fn
    json_string = json.dumps(data, sort_keys=True, ensure_ascii=False)
                  ^^^^^^^^^^^^^^^^^^^^^^^^^^^^^^^^^^^^^^^^^^^^^^^^^^^^
  File "C:\Users\micha\AppData\Local\Programs\Python\Python312\Lib\json\__init__.py", line 238, in dumps
    **kw).encode(obj)
          ^^^^^^^^^^^
  File "C:\Users\micha\AppData\Local\Programs\Python\Python312\Lib\json\encoder.py", line 200, in encode
    chunks = self.iterencode(o, _one_shot=True)
             ^^^^^^^^^^^^^^^^^^^^^^^^^^^^^^^^^^
  File "C:\Users\micha\AppData\Local\Programs\Python\Python312\Lib\json\encoder.py", line 258, in iterencode
    return _iterencode(o, 0)
           ^^^^^^^^^^^^^^^^^
  File "C:\Users\micha\AppData\Local\Programs\Python\Python312\Lib\json\encoder.py", line 180, in default
    raise TypeError(f'Object of type {o.__class__.__name__} '
TypeError: Object of type EntitySetting is not JSON serializable
2024-09-24 23:18:29,471 - maltego.server - ERROR - An exception occurred while executing your transform code.
2024-09-24 23:18:29,472 - maltego.server - ERROR - 2 validation errors for EntityDisplayInfo
content
  Input should be a valid string [type=string_type, input_value=None, input_type=NoneType]
    For further information visit https://errors.pydantic.dev/2.6/v/string_type
title
  Input should be a valid string [type=string_type, input_value=None, input_type=NoneType]
    For further information visit https://errors.pydantic.dev/2.6/v/string_type
Traceback (most recent call last):
  File "C:\Users\micha\PycharmProjects\CloakNDagger\.venv\Lib\site-packages\maltego_trx\server.py", line 38, in run_transform
    return transform_method.run_transform(client_msg), 200  # Transform class
           ^^^^^^^^^^^^^^^^^^^^^^^^^^^^^^^^^^^^^^^^^^
  File "C:\Users\micha\PycharmProjects\CloakNDagger\.venv\Lib\site-packages\maltego_trx\transform.py", line 12, in run_transform
    cls.create_entities(request, response)
  File "C:\Users\micha\PycharmProjects\CloakNDagger\transforms\TestTheThings.py", line 29, in create_entities
    t.set_display_info(content=None, title=None)
  File "C:\Users\micha\PycharmProjects\CloakNDagger\tools\base.py", line 100, in set_display_info
    self.display_info = EntityDisplayInfo(content=content, title=title)
                        ^^^^^^^^^^^^^^^^^^^^^^^^^^^^^^^^^^^^^^^^^^^^^^^
  File "C:\Users\micha\PycharmProjects\CloakNDagger\.venv\Lib\site-packages\pydantic\main.py", line 171, in __init__
    self.__pydantic_validator__.validate_python(data, self_instance=self)
pydantic_core._pydantic_core.ValidationError: 2 validation errors for EntityDisplayInfo
content
  Input should be a valid string [type=string_type, input_value=None, input_type=NoneType]
    For further information visit https://errors.pydantic.dev/2.6/v/string_type
title
  Input should be a valid string [type=string_type, input_value=None, input_type=NoneType]
    For further information visit https://errors.pydantic.dev/2.6/v/string_type
2024-09-24 23:28:08,554 - maltego.server - ERROR - An exception occurred while executing your transform code.
2024-09-24 23:28:08,555 - maltego.server - ERROR - BaseEntity.set_icon() got an unexpected keyword argument 'icon_url'
Traceback (most recent call last):
  File "C:\Users\micha\PycharmProjects\CloakNDagger\.venv\Lib\site-packages\maltego_trx\server.py", line 38, in run_transform
    return transform_method.run_transform(client_msg), 200  # Transform class
           ^^^^^^^^^^^^^^^^^^^^^^^^^^^^^^^^^^^^^^^^^^
  File "C:\Users\micha\PycharmProjects\CloakNDagger\.venv\Lib\site-packages\maltego_trx\transform.py", line 12, in run_transform
    cls.create_entities(request, response)
  File "C:\Users\micha\PycharmProjects\CloakNDagger\transforms\TestTheThings.py", line 31, in create_entities
    t.set_icon(icon_url=None)
TypeError: BaseEntity.set_icon() got an unexpected keyword argument 'icon_url'
2024-09-24 23:29:15,633 - maltego.server - ERROR - An exception occurred while executing your transform code.
2024-09-24 23:29:15,633 - maltego.server - ERROR - BaseEntity.set_icon() got an unexpected keyword argument 'icon_url'
Traceback (most recent call last):
  File "C:\Users\micha\PycharmProjects\CloakNDagger\.venv\Lib\site-packages\maltego_trx\server.py", line 38, in run_transform
    return transform_method.run_transform(client_msg), 200  # Transform class
           ^^^^^^^^^^^^^^^^^^^^^^^^^^^^^^^^^^^^^^^^^^
  File "C:\Users\micha\PycharmProjects\CloakNDagger\.venv\Lib\site-packages\maltego_trx\transform.py", line 12, in run_transform
    cls.create_entities(request, response)
  File "C:\Users\micha\PycharmProjects\CloakNDagger\transforms\TestTheThings.py", line 31, in create_entities
    t.set_icon(icon_url=None)
TypeError: BaseEntity.set_icon() got an unexpected keyword argument 'icon_url'
2024-09-25 10:21:37,342 - maltego_trx.registry - INFO - Ignoring File: "Ares_ExtractAdress" does not contain a class of the same name
2024-09-25 10:23:11,806 - maltego.server - ERROR - An exception occurred while executing your transform code.
2024-09-25 10:23:11,807 - maltego.server - ERROR - 'PravnickaOsoba' object has no attribute 'dalsiUdaje'
Traceback (most recent call last):
  File "C:\Users\micha\PycharmProjects\CloakNDagger\.venv\Lib\site-packages\maltego_trx\server.py", line 38, in run_transform
    return transform_method.run_transform(client_msg), 200  # Transform class
           ^^^^^^^^^^^^^^^^^^^^^^^^^^^^^^^^^^^^^^^^^^
  File "C:\Users\micha\PycharmProjects\CloakNDagger\.venv\Lib\site-packages\maltego_trx\transform.py", line 12, in run_transform
    cls.create_entities(request, response)
  File "C:\Users\micha\PycharmProjects\CloakNDagger\transforms\Ares_GetRecordsCompany.py", line 43, in create_entities
    create_entity_from_model(model=company, response=response)
  File "C:\Users\micha\PycharmProjects\CloakNDagger\tools\maltego.py", line 33, in create_entity_from_model
    entity.addProperty(fieldName=field, matchingRule=model.setting.match, value=model.__getattribute__(field))
                                                                                ^^^^^^^^^^^^^^^^^^^^^^^^^^^^^
AttributeError: 'PravnickaOsoba' object has no attribute 'dalsiUdaje'
2024-09-25 10:25:42,711 - maltego.server - ERROR - An exception occurred while executing your transform code.
2024-09-25 10:25:42,711 - maltego.server - ERROR - 'PravnickaOsoba' object has no attribute 'dalsiUdaje'
Traceback (most recent call last):
  File "C:\Users\micha\PycharmProjects\CloakNDagger\.venv\Lib\site-packages\maltego_trx\server.py", line 38, in run_transform
    return transform_method.run_transform(client_msg), 200  # Transform class
           ^^^^^^^^^^^^^^^^^^^^^^^^^^^^^^^^^^^^^^^^^^
  File "C:\Users\micha\PycharmProjects\CloakNDagger\.venv\Lib\site-packages\maltego_trx\transform.py", line 12, in run_transform
    cls.create_entities(request, response)
  File "C:\Users\micha\PycharmProjects\CloakNDagger\transforms\Ares_GetRecordsCompany.py", line 43, in create_entities
    create_entity_from_model(model=company, response=response)
  File "C:\Users\micha\PycharmProjects\CloakNDagger\tools\maltego.py", line 33, in create_entity_from_model
    entity.addProperty(fieldName=field, matchingRule=model.setting.match, value=model.__getattribute__(field))
                                                                                ^^^^^^^^^^^^^^^^^^^^^^^^^^^^^
AttributeError: 'PravnickaOsoba' object has no attribute 'dalsiUdaje'
2024-09-25 10:52:05,434 - maltego.server - ERROR - An exception occurred while executing your transform code.
2024-09-25 10:52:05,434 - maltego.server - ERROR - 1 validation error for AdressEntity
icon
  Input should be a valid dictionary or instance of EntityIcon [type=model_type, input_value=None, input_type=NoneType]
    For further information visit https://errors.pydantic.dev/2.6/v/model_type
Traceback (most recent call last):
  File "C:\Users\micha\PycharmProjects\CloakNDagger\.venv\Lib\site-packages\maltego_trx\server.py", line 38, in run_transform
    return transform_method.run_transform(client_msg), 200  # Transform class
           ^^^^^^^^^^^^^^^^^^^^^^^^^^^^^^^^^^^^^^^^^^
  File "C:\Users\micha\PycharmProjects\CloakNDagger\.venv\Lib\site-packages\maltego_trx\transform.py", line 12, in run_transform
    cls.create_entities(request, response)
  File "C:\Users\micha\PycharmProjects\CloakNDagger\transforms\Ares_ExtractAdress.py", line 29, in create_entities
    adress = AdressEntity(**dict_company)
             ^^^^^^^^^^^^^^^^^^^^^^^^^^^^
  File "C:\Users\micha\PycharmProjects\CloakNDagger\.venv\Lib\site-packages\pydantic\main.py", line 171, in __init__
    self.__pydantic_validator__.validate_python(data, self_instance=self)
pydantic_core._pydantic_core.ValidationError: 1 validation error for AdressEntity
icon
  Input should be a valid dictionary or instance of EntityIcon [type=model_type, input_value=None, input_type=NoneType]
    For further information visit https://errors.pydantic.dev/2.6/v/model_type
2024-09-25 10:54:40,298 - maltego.server - ERROR - An exception occurred while executing your transform code.
2024-09-25 10:54:40,298 - maltego.server - ERROR - name 'dict_compan' is not defined
Traceback (most recent call last):
  File "C:\Users\micha\PycharmProjects\CloakNDagger\.venv\Lib\site-packages\maltego_trx\server.py", line 38, in run_transform
    return transform_method.run_transform(client_msg), 200  # Transform class
           ^^^^^^^^^^^^^^^^^^^^^^^^^^^^^^^^^^^^^^^^^^
  File "C:\Users\micha\PycharmProjects\CloakNDagger\.venv\Lib\site-packages\maltego_trx\transform.py", line 12, in run_transform
    cls.create_entities(request, response)
  File "C:\Users\micha\PycharmProjects\CloakNDagger\transforms\Ares_ExtractAdress.py", line 30, in create_entities
    adress = AdressEntity(**dict_compan)
                            ^^^^^^^^^^^
NameError: name 'dict_compan' is not defined. Did you mean: 'dict_company'?
2024-09-25 10:54:59,549 - maltego.server - ERROR - An exception occurred while executing your transform code.
2024-09-25 10:54:59,550 - maltego.server - ERROR - 1 validation error for AdressEntity
icon
  Input should be a valid dictionary or instance of EntityIcon [type=model_type, input_value=None, input_type=NoneType]
    For further information visit https://errors.pydantic.dev/2.6/v/model_type
Traceback (most recent call last):
  File "C:\Users\micha\PycharmProjects\CloakNDagger\.venv\Lib\site-packages\maltego_trx\server.py", line 38, in run_transform
    return transform_method.run_transform(client_msg), 200  # Transform class
           ^^^^^^^^^^^^^^^^^^^^^^^^^^^^^^^^^^^^^^^^^^
  File "C:\Users\micha\PycharmProjects\CloakNDagger\.venv\Lib\site-packages\maltego_trx\transform.py", line 12, in run_transform
    cls.create_entities(request, response)
  File "C:\Users\micha\PycharmProjects\CloakNDagger\transforms\Ares_ExtractAdress.py", line 30, in create_entities
    adress = AdressEntity(**dict_company)
             ^^^^^^^^^^^^^^^^^^^^^^^^^^^^
  File "C:\Users\micha\PycharmProjects\CloakNDagger\.venv\Lib\site-packages\pydantic\main.py", line 171, in __init__
    self.__pydantic_validator__.validate_python(data, self_instance=self)
pydantic_core._pydantic_core.ValidationError: 1 validation error for AdressEntity
icon
  Input should be a valid dictionary or instance of EntityIcon [type=model_type, input_value=None, input_type=NoneType]
    For further information visit https://errors.pydantic.dev/2.6/v/model_type
2024-09-25 10:56:42,260 - maltego.server - ERROR - An exception occurred while executing your transform code.
2024-09-25 10:56:42,260 - maltego.server - ERROR - 1 validation error for AdressEntity
icon
  Input should be a valid dictionary or instance of EntityIcon [type=model_type, input_value=None, input_type=NoneType]
    For further information visit https://errors.pydantic.dev/2.6/v/model_type
Traceback (most recent call last):
  File "C:\Users\micha\PycharmProjects\CloakNDagger\.venv\Lib\site-packages\maltego_trx\server.py", line 38, in run_transform
    return transform_method.run_transform(client_msg), 200  # Transform class
           ^^^^^^^^^^^^^^^^^^^^^^^^^^^^^^^^^^^^^^^^^^
  File "C:\Users\micha\PycharmProjects\CloakNDagger\.venv\Lib\site-packages\maltego_trx\transform.py", line 12, in run_transform
    cls.create_entities(request, response)
  File "C:\Users\micha\PycharmProjects\CloakNDagger\transforms\Ares_ExtractAdress.py", line 30, in create_entities
    adress = AdressEntity(**dict_company)
             ^^^^^^^^^^^^^^^^^^^^^^^^^^^^
  File "C:\Users\micha\PycharmProjects\CloakNDagger\.venv\Lib\site-packages\pydantic\main.py", line 171, in __init__
    self.__pydantic_validator__.validate_python(data, self_instance=self)
pydantic_core._pydantic_core.ValidationError: 1 validation error for AdressEntity
icon
  Input should be a valid dictionary or instance of EntityIcon [type=model_type, input_value=None, input_type=NoneType]
    For further information visit https://errors.pydantic.dev/2.6/v/model_type
2024-09-25 12:42:18,712 - maltego.server - ERROR - An exception occurred while executing your transform code.
2024-09-25 12:42:18,713 - maltego.server - ERROR - 'Register' object has no attribute 'get_cls'
Traceback (most recent call last):
  File "C:\Users\micha\PycharmProjects\CloakNDagger\.venv\Lib\site-packages\maltego_trx\server.py", line 38, in run_transform
    return transform_method.run_transform(client_msg), 200  # Transform class
           ^^^^^^^^^^^^^^^^^^^^^^^^^^^^^^^^^^^^^^^^^^
  File "C:\Users\micha\PycharmProjects\CloakNDagger\.venv\Lib\site-packages\maltego_trx\transform.py", line 12, in run_transform
    cls.create_entities(request, response)
  File "C:\Users\micha\PycharmProjects\CloakNDagger\transforms\CND_GetEntity.py", line 36, in create_entities
    items = [ENTITYREG.get_cls(name)() for name in selected_entities]
             ^^^^^^^^^^^^^^^^^
AttributeError: 'Register' object has no attribute 'get_cls'
2024-09-25 12:43:34,507 - maltego.server - ERROR - An exception occurred while executing your transform code.
2024-09-25 12:43:34,508 - maltego.server - ERROR - 'Register' object has no attribute 'get_cls'
Traceback (most recent call last):
  File "C:\Users\micha\PycharmProjects\CloakNDagger\.venv\Lib\site-packages\maltego_trx\server.py", line 38, in run_transform
    return transform_method.run_transform(client_msg), 200  # Transform class
           ^^^^^^^^^^^^^^^^^^^^^^^^^^^^^^^^^^^^^^^^^^
  File "C:\Users\micha\PycharmProjects\CloakNDagger\.venv\Lib\site-packages\maltego_trx\transform.py", line 12, in run_transform
    cls.create_entities(request, response)
  File "C:\Users\micha\PycharmProjects\CloakNDagger\transforms\CND_GetEntity.py", line 36, in create_entities
    items = [ENTITYREG.get_cls(name)() for name in selected_entities]
             ^^^^^^^^^^^^^^^^^
AttributeError: 'Register' object has no attribute 'get_cls'
2024-09-25 12:57:48,362 - maltego.server - ERROR - An exception occurred while executing your transform code.
2024-09-25 12:57:48,362 - maltego.server - ERROR - Entity class 'cnd.HunchlyCase' not found in registry.
Traceback (most recent call last):
  File "C:\Users\micha\PycharmProjects\CloakNDagger\.venv\Lib\site-packages\maltego_trx\server.py", line 38, in run_transform
    return transform_method.run_transform(client_msg), 200  # Transform class
           ^^^^^^^^^^^^^^^^^^^^^^^^^^^^^^^^^^^^^^^^^^
  File "C:\Users\micha\PycharmProjects\CloakNDagger\.venv\Lib\site-packages\maltego_trx\transform.py", line 12, in run_transform
    cls.create_entities(request, response)
  File "C:\Users\micha\PycharmProjects\CloakNDagger\transforms\CND_GetEntity.py", line 36, in create_entities
    items = [ENTITYREG.get_cls(name)() for name in selected_entities]
             ^^^^^^^^^^^^^^^^^^^^^^^
  File "C:\Users\micha\PycharmProjects\CloakNDagger\tools\base.py", line 211, in get_cls
    raise AttributeError(f"Entity class '{name}' not found in registry.")
AttributeError: Entity class 'cnd.HunchlyCase' not found in registry.
2024-09-25 13:14:08,596 - maltego.server - ERROR - An exception occurred while executing your transform code.
2024-09-25 13:14:08,597 - maltego.server - ERROR - 'EntityWrapper' object is not callable
Traceback (most recent call last):
  File "C:\Users\micha\PycharmProjects\CloakNDagger\.venv\Lib\site-packages\maltego_trx\server.py", line 38, in run_transform
    return transform_method.run_transform(client_msg), 200  # Transform class
           ^^^^^^^^^^^^^^^^^^^^^^^^^^^^^^^^^^^^^^^^^^
  File "C:\Users\micha\PycharmProjects\CloakNDagger\.venv\Lib\site-packages\maltego_trx\transform.py", line 12, in run_transform
    cls.create_entities(request, response)
  File "C:\Users\micha\PycharmProjects\CloakNDagger\transforms\CND_GetEntity.py", line 36, in create_entities
    items = [starting_entities.get(name)() for name in selected_entities]
             ^^^^^^^^^^^^^^^^^^^^^^^^^^^^^
TypeError: 'EntityWrapper' object is not callable
2024-09-25 13:14:39,263 - maltego.server - ERROR - An exception occurred while executing your transform code.
2024-09-25 13:14:39,264 - maltego.server - ERROR - setting
Traceback (most recent call last):
  File "C:\Users\micha\PycharmProjects\CloakNDagger\.venv\Lib\site-packages\maltego_trx\server.py", line 38, in run_transform
    return transform_method.run_transform(client_msg), 200  # Transform class
           ^^^^^^^^^^^^^^^^^^^^^^^^^^^^^^^^^^^^^^^^^^
  File "C:\Users\micha\PycharmProjects\CloakNDagger\.venv\Lib\site-packages\maltego_trx\transform.py", line 12, in run_transform
    cls.create_entities(request, response)
  File "C:\Users\micha\PycharmProjects\CloakNDagger\transforms\CND_GetEntity.py", line 40, in create_entities
    create_entity_from_model(item, response)
  File "C:\Users\micha\PycharmProjects\CloakNDagger\tools\maltego.py", line 33, in create_entity_from_model
    entity = response.addEntity(model.setting.type, model.__getattribute__(model.setting.main_attribute))
                                ^^^^^^^^^^^^^
  File "C:\Users\micha\PycharmProjects\CloakNDagger\.venv\Lib\site-packages\pydantic\_internal\_model_construction.py", line 221, in __getattr__
    raise AttributeError(item)
AttributeError: setting
2024-09-25 13:15:15,937 - maltego.server - ERROR - An exception occurred while executing your transform code.
2024-09-25 13:15:15,938 - maltego.server - ERROR - setting
Traceback (most recent call last):
  File "C:\Users\micha\PycharmProjects\CloakNDagger\.venv\Lib\site-packages\maltego_trx\server.py", line 38, in run_transform
    return transform_method.run_transform(client_msg), 200  # Transform class
           ^^^^^^^^^^^^^^^^^^^^^^^^^^^^^^^^^^^^^^^^^^
  File "C:\Users\micha\PycharmProjects\CloakNDagger\.venv\Lib\site-packages\maltego_trx\transform.py", line 12, in run_transform
    cls.create_entities(request, response)
  File "C:\Users\micha\PycharmProjects\CloakNDagger\transforms\CND_GetEntity.py", line 40, in create_entities
    entity_from_model(item, response)
  File "C:\Users\micha\PycharmProjects\CloakNDagger\tools\maltego.py", line 12, in entity_from_model
    entity = response.addEntity(model.setting.type, model.__getattribute__(model.setting.main_attribute))
                                ^^^^^^^^^^^^^
  File "C:\Users\micha\PycharmProjects\CloakNDagger\.venv\Lib\site-packages\pydantic\_internal\_model_construction.py", line 221, in __getattr__
    raise AttributeError(item)
AttributeError: setting
2024-09-25 13:19:55,258 - maltego-trx - WARNING - Entity has no Value and will default to ''
2024-09-25 13:19:55,259 - maltego-trx - WARNING - Entity has no Value and will default to ''
